// Jest Snapshot v1, https://goo.gl/fbAQLP

exports[`Tests on <GifGridItem /> Should match with the snapshot 1`] = `
<div>
  <div
    class="card"
  >
    <img
      alt="Test title"
      src="https://www.google.com.pe/"
    />
    <p>
      Test title
    </p>
  </div>
</div>
`;
